// Jest Snapshot v1, https://goo.gl/fbAQLP

exports[`<DSPRScreen /> renders with given state from Redux store 1`] = `
<View
  style={
    Object {
      "flex": 1,
      "paddingTop": 22,
    }
  }
>
  <View
    style={
      Object {
        "alignItems": "center",
        "padding": 16,
      }
    }
  >
    <Text
      style={
        Object {
          "fontSize": 20,
          "fontWeight": "bold",
        }
      }
    >
      Choose a Dispensary
    </Text>
  </View>
  <RCTScrollView
    data={Array []}
    disableVirtualization={false}
    getItem={[Function]}
    getItemCount={[Function]}
    horizontal={false}
    initialNumToRender={10}
    keyExtractor={[Function]}
    maxToRenderPerBatch={10}
    onContentSizeChange={[Function]}
    onEndReachedThreshold={2}
    onLayout={[Function]}
    onMomentumScrollEnd={[Function]}
    onScroll={[Function]}
    onScrollBeginDrag={[Function]}
    onScrollEndDrag={[Function]}
    removeClippedSubviews={false}
    renderItem={[Function]}
    scrollEventThrottle={50}
    stickyHeaderIndices={Array []}
    updateCellsBatchingPeriod={50}
    viewabilityConfigCallbackPairs={Array []}
    windowSize={21}
  >
    <View />
  </RCTScrollView>
</View>
`;

exports[`<DSPRScreen /> should render with given state from Redux store 1`] = `
<View
  style={
    Object {
      "flex": 1,
      "paddingTop": 22,
    }
  }
>
  <View
    style={
      Object {
        "alignItems": "center",
        "padding": 16,
      }
    }
  >
    <Text
      style={
        Object {
          "fontSize": 20,
          "fontWeight": "bold",
        }
      }
    >
      Choose a Dispensary
    </Text>
  </View>
  <RCTScrollView
    data={Array []}
    disableVirtualization={false}
    getItem={[Function]}
    getItemCount={[Function]}
    horizontal={false}
    initialNumToRender={10}
    keyExtractor={[Function]}
    maxToRenderPerBatch={10}
    onContentSizeChange={[Function]}
    onEndReachedThreshold={2}
    onLayout={[Function]}
    onMomentumScrollEnd={[Function]}
    onScroll={[Function]}
    onScrollBeginDrag={[Function]}
    onScrollEndDrag={[Function]}
    removeClippedSubviews={false}
    renderItem={[Function]}
    scrollEventThrottle={50}
    stickyHeaderIndices={Array []}
    updateCellsBatchingPeriod={50}
    viewabilityConfigCallbackPairs={Array []}
    windowSize={21}
  >
    <View />
  </RCTScrollView>
</View>
`;
